// Jest Snapshot v1, https://goo.gl/fbAQLP

exports[`<Section /> should match snapshot 1`] = `
Array [
  <section
    className="section"
    id={undefined}
    style={undefined}
/>,
]
`;
